{
    "modules": [
            {
                    "Path": "github.com/charmbracelet/bubbletea",
                    "Version": "v0.25.0",
                    "Pinned": "v0.26.3",
                    "Imported": false
            },
            {
                    "Path": "github.com/muesli/termenv",
                    "Version": "v0.15.2",
                    "Pinned": "v0.15.2",
                    "Imported": true
            },
            {
                    "Path": "github.com/atotto/clipboard",
                    "Version": "v0.1.4",
                    "Pinned": "v0.1.4",
                    "Imported": true
            },
            {
                    "Path": "github.com/antonmedv/clipboard",
                    "Version": "v1.0.1",
                    "Pinned": "v1.0.1",
                    "Imported": true
            }
    ],
    "packages": [
            {
                    "Path": "github.com/muesli/termenv",
                    "Module": "github.com/muesli/termenv",
                    "Tags": [
                            "linux"
                    ],
                    "Files": [
                            {
                                    "Name": "constants_linux.go",
                                    "Build": true
                            },
                            {
                                    "Name": "termenv_posix.go",
                                    "Build": true
                            },
                            {
                                    "Name": "termenv_unix.go",
                                    "Build": true
                            }
                    ]
            },
            {
                    "Path": "github.com/atotto/clipboard",
                    "Module": "github.com/atotto/clipboard",
                    "Tags": [
                            "linux",
                            "openbsd",
                            "freebsd",
                            "netbsd",
                            "solaris",
                            "dragonfly"
                    ],
                    "Files": [
                            {
                                    "Name": "clipboard_unix.go",
                                    "Build": true
                            }
                    ]
            },
            {
                    "Path": "github.com/antonmedv/clipboard",
                    "Module": "github.com/antonmedv/clipboard",
                    "Tags": [
                            "linux",
                            "openbsd",
                            "freebsd",
                            "netbsd",
                            "solaris",
                            "dragonfly"
                    ],
                    "Files": [
                            {
                                    "Name": "clipboard_unix.go",
                                    "Build": true
                            }
                    ]
            }
    ]
}