{
    "modules": [
        {
            "Path": "github.com/atotto/clipboard",
            "Version": "v0.0.0-20171229224153-bc5958e1c833",
            "Pinned": "v0.0.0-20171229224153-bc5958e1c833",
            "Imported": true
        },
        {
            "Path": "github.com/mattn/go-isatty",
            "Version": "v0.0.3",
            "Pinned": "v0.0.20",
            "Imported": false
        },
        {
            "Path": "golang.org/x/crypto",
            "Version": "v0.0.0-20190308221718-c2843e01d9a2",
            "Pinned": "v0.23.0",
            "Imported": false
        }
    ],
    "packages": [
        {
            "Path": "github.com/atotto/clipboard",
            "Module": "github.com/atotto/clipboard",
            "Tags": [
                "linux",
                "openbsd",
                "freebsd",
                "netbsd",
                "solaris",
                "dragonfly"
            ],
            "Files": [
                {
                    "Name": "clipboard_unix.go",
                    "Build": true
                }
            ]
        }
    ]
}