{
    "modules": [
            {
                    "Path": "github.com/fsnotify/fsnotify",
                    "Version": "v1.6.0",
                    "Pinned": "v1.7.0",
                    "Imported": false
            }
    ],
    "packages": []
}